INFO         | Android emulator version 37.1.11.0 (build_id 15917651) (CL:N/A)
INFO         | Graphics backend: gfxstream
INFO         | Found systemPath C:\Users\萧龙\AppData\Local\Android\Sdk\system-images\android-34\google_apis\x86_64\
INFO         | Saving last run QEMU version for the AVD to 2
ERROR        | avdInfo_setLastRunQemuVersion: Could not write file: C:\Users\萧龙\.android\avd\..\avd\clawbox_test.avd\qemu-version.txt
INFO         | Feature 'Vulkan' (21) is overridden to 'disabled'
INFO         | Increasing RAM size to 2560MB
INFO         | IPv4 server found: 211.140.13.188
INFO         | Ignore IPv6 address: d0ad:834c:9101:0:d0ad:834c:9101:0
INFO         | Ignore IPv6 address: d0ad:834c:9101:0:d0ad:834c:9101:0
INFO         | Ignore IPv6 address: d0ad:834c:9101:0:d0ad:834c:9101:0
INFO         | Ignore IPv6 address: c0b3:834c:9101:0:d0ad:834c:9101:0
INFO         | Ignore IPv6 address: c0b3:834c:9101:0:d0ad:834c:9101:0
INFO         | Ignore IPv6 address: c0b3:834c:9101:0:d0ad:834c:9101:0
INFO         | Ignore IPv6 address: b8b9:834c:9101:0:d0ad:834c:9101:0
INFO         | Ignore IPv6 address: b8b9:834c:9101:0:d0ad:834c:9101:0
INFO         | Ignore IPv6 address: b8b9:834c:9101:0:d0ad:834c:9101:0
INFO         | Ignore IPv6 address: d8c1:834c:9101:0:d0ad:834c:9101:0
INFO         | Ignore IPv6 address: d8c1:834c:9101:0:d0ad:834c:9101:0
INFO         | Ignore IPv6 address: d8c1:834c:9101:0:d0ad:834c:9101:0
INFO         | Ignore IPv6 address: 88d1:834c:9101:0:d0ad:834c:9101:0
INFO         | Ignore IPv6 address: 88d1:834c:9101:0:d0ad:834c:9101:0
INFO         | Ignore IPv6 address: 88d1:834c:9101:0:d0ad:834c:9101:0
INFO         | Ignore IPv6 address: 80d7:834c:9101:0:d0ad:834c:9101:0
INFO         | Ignore IPv6 address: 80d7:834c:9101:0:d0ad:834c:9101:0
INFO         | Ignore IPv6 address: 80d7:834c:9101:0:d0ad:834c:9101:0
INFO         | Guest GLES Driver: Auto (ext controls)
WARNING      | Your AVD has been configured with an in-guest renderer, but the system image does not support guest rendering.Falling back to 'lavapipe' mode.
INFO         | emuglConfig_init: vulkan_mode_selected:lavapipe gles_mode_selected:swiftshader
INFO         | Checking system compatibility:
INFO         |   Checking: hasCompatibleHypervisor
INFO         |      Ok: Hypervisor compatibility to run avd: `clawbox_test` are met
INFO         |   Checking: hasSufficientSystem
INFO         |      Ok: System requirements to run avd: `clawbox_test` are met
INFO         |   Checking: hasSufficientHwGpu
INFO         |      Ok: Hardware GPU compatibility checks are not required
INFO         |   Checking: hasSufficientDiskSpace
INFO         |      Ok: Disk space requirements to run avd: `clawbox_test` are met
WARNING      | x86_64 emulation may not work without hardware acceleration!
INFO         | Storing crashdata in: C:\Users\萧龙\AppData\Local\Temp\\AndroidEmulator\emu-crash-37.1.11.db, detection is enabled for process: 6284
INFO         | Initializing gfxstream backend
INFO         | startOpenglesRendererImpl: gpu info
INFO         | GPU #1
  Make: 10de
  Model: NVIDIA GeForce MX150
  Device ID: 1d12

INFO         | Graphics Adapter Vendor Google (Google Inc.)
INFO         | Graphics Adapter Android Emulator OpenGL ES Translator (Google SwiftShader)
INFO         | Graphics API Version OpenGL ES 3.0 (OpenGL ES 3.0 SwiftShader 4.0.0.1)
INFO         | Graphics API Extensions GL_OES_EGL_sync GL_OES_EGL_image GL_OES_EGL_image_external GL_OES_depth24 GL_OES_depth32 GL_OES_element_index_uint GL_OES_texture_float GL_OES_texture_float_linear GL_OES_compressed_paletted_texture GL_OES_compressed_ETC1_RGB8_texture GL_OES_depth_texture GL_OES_texture_half_float GL_OES_texture_half_float_linear GL_OES_packed_depth_stencil GL_OES_vertex_half_float GL_OES_standard_derivatives GL_OES_texture_npot GL_OES_rgb8_rgba8 GL_EXT_color_buffer_float GL_EXT_color_buffer_half_float GL_EXT_texture_format_BGRA8888 GL_APPLE_texture_format_BGRA8888 
INFO         | Graphics Device Extensions N/A
INFO         | Could not open C:\Users\萧龙\AppData\Local\Android\Sdk\system-images\android-34\google_apis\x86_64\\VerifiedBootParams.textproto: No such file or directory
INFO         | Sending adb public key [QAAAALuBXb+N5A+oBsAoOZL2xtjzCA4YR0otnx7GAiNmNp7sa3uaP9iHjHwxsLFQKw+FoLpxGL2tjBTFnLyU7mfeJK1/Q+x/DWFQ9Hv1YDhJjCQdm6tG4HkUh68PUpXppsDnwbWp/9OtA8Jigg6gYu9bbdsbnkWkq9YA3wc3JjsbV2XioJ8kUOqg5JllpmBvHXIFyi6zqBVJSjE8XN5gxcMsdJ4R4/HFoB99ELXRKSV3nr2PNFHID8k7+kNjIO0v6a89tisE1UO7VmQHU03RBX5t5O75otA+8z/RIczUG/sSbrPiS5QIb8ej7YqQ7b1WbQ1VOnU/5/GJFqv99XQ9SalqrN2rYqG8UV3oejf5X7FJqw7im++urPa8eaSUZrUs5KwvLadoevOhmOpNtl0EMqkuZBKh0Lq3lcg/6307Jz5PGFyDvm6XWRNEh2u3Rll3FVS2+c/rk1ZvsMW2HQ653tj2gdoyaxV/2kSUa8b5EPp80UoQBByVItEb4Fl1TOeVJ+HLE1jMQqgBZG3XeznGJZtJiD6RFsHjfeNKyqQTWuslNtVV8KH9OWYkRl4w/2uk2KO6wDVHCi/InkSV2yfxOpMba0GEHF41ClbcFpb9fTpUlA+tSvLdbg3btb3gHl3/EMXx9rp8s/xHQauYB8pLa5B+F1PZWYAzy6aSet5D3sfotUYAsHaIYgEAAQA= @unknown]
INFO         | Userspace boot properties:
INFO         |   androidboot.boot_devices=pci0000:00/0000:00:03.0 pci0000:00/0000:00:06.0
INFO         |   androidboot.dalvik.vm.heapsize=576m
INFO         |   androidboot.debug.hwui.renderer=skiagl
INFO         |   androidboot.debug.sf.nobootanimation=1
INFO         |   androidboot.hardware=ranchu
INFO         |   androidboot.hardware.gltransport=pipe
INFO         |   androidboot.logcat=*:V
INFO         |   androidboot.opengles.version=196608
INFO         |   androidboot.qemu=1
INFO         |   androidboot.qemu.adb.pubkey=QAAAALuBXb+N5A+oBsAoOZL2xtjzCA4YR0otnx7GAiNmNp7sa3uaP9iHjHwxsLFQKw+FoLpxGL2tjBTFnLyU7mfeJK1/Q+x/DWFQ9Hv1YDhJjCQdm6tG4HkUh68PUpXppsDnwbWp/9OtA8Jigg6gYu9bbdsbnkWkq9YA3wc3JjsbV2XioJ8kUOqg5JllpmBvHXIFyi6zqBVJSjE8XN5gxcMsdJ4R4/HFoB99ELXRKSV3nr2PNFHID8k7+kNjIO0v6a89tisE1UO7VmQHU03RBX5t5O75otA+8z/RIczUG/sSbrPiS5QIb8ej7YqQ7b1WbQ1VOnU/5/GJFqv99XQ9SalqrN2rYqG8UV3oejf5X7FJqw7im++urPa8eaSUZrUs5KwvLadoevOhmOpNtl0EMqkuZBKh0Lq3lcg/6307Jz5PGFyDvm6XWRNEh2u3Rll3FVS2+c/rk1ZvsMW2HQ653tj2gdoyaxV/2kSUa8b5EPp80UoQBByVItEb4Fl1TOeVJ+HLE1jMQqgBZG3XeznGJZtJiD6RFsHjfeNKyqQTWuslNtVV8KH9OWYkRl4w/2uk2KO6wDVHCi/InkSV2yfxOpMba0GEHF41ClbcFpb9fTpUlA+tSvLdbg3btb3gHl3/EMXx9rp8s/xHQauYB8pLa5B+F1PZWYAzy6aSet5D3sfotUYAsHaIYgEAAQA= @unknown
INFO         |   androidboot.qemu.avd_name=clawbox_test
INFO         |   androidboot.qemu.camera_hq_edge_processing=0
INFO         |   androidboot.qemu.camera_protocol_ver=1
INFO         |   androidboot.qemu.cpuvulkan.version=4206592
INFO         |   androidboot.qemu.gltransport.drawFlushInterval=800
INFO         |   androidboot.qemu.gltransport.name=pipe
INFO         |   androidboot.qemu.hwcodec.avcdec=2
INFO         |   androidboot.qemu.hwcodec.hevcdec=2
INFO         |   androidboot.qemu.hwcodec.vpxdec=2
INFO         |   androidboot.qemu.settings.system.screen_off_timeout=2147483647
INFO         |   androidboot.qemu.skin=1080x2340
INFO         |   androidboot.qemu.virtiowifi=1
INFO         |   androidboot.qemu.vsync=60
INFO         |   androidboot.serialno=EMULATOR37X1X11X0
INFO         |   androidboot.veritymode=enforcing
