INFO         | Android emulator version 37.1.11.0 (build_id 15917651) (CL:N/A)
INFO         | Graphics backend: gfxstream
INFO         | Found systemPath C:\Users\萧龙\AppData\Local\Android\Sdk\system-images\android-34\google_apis\x86_64\
INFO         | Saving last run QEMU version for the AVD to 2
ERROR        | avdInfo_setLastRunQemuVersion: Could not write file: C:\Users\萧龙\.android\avd\..\avd\clawbox_test.avd\qemu-version.txt
INFO         | Increasing RAM size to 2560MB
INFO         | IPv4 server found: 211.140.13.188
INFO         | Ignore IPv6 address: a0d0:f879:9a01:0:a0d0:f879:9a01:0
INFO         | Ignore IPv6 address: a0d0:f879:9a01:0:a0d0:f879:9a01:0
INFO         | Ignore IPv6 address: a0d0:f879:9a01:0:a0d0:f879:9a01:0
INFO         | Ignore IPv6 address: 90d6:f879:9a01:0:a0d0:f879:9a01:0
INFO         | Ignore IPv6 address: 90d6:f879:9a01:0:a0d0:f879:9a01:0
INFO         | Ignore IPv6 address: 90d6:f879:9a01:0:a0d0:f879:9a01:0
INFO         | Ignore IPv6 address: 88dc:f879:9a01:0:a0d0:f879:9a01:0
INFO         | Ignore IPv6 address: 88dc:f879:9a01:0:a0d0:f879:9a01:0
INFO         | Ignore IPv6 address: 88dc:f879:9a01:0:a0d0:f879:9a01:0
INFO         | Ignore IPv6 address: a8e4:f879:9a01:0:a0d0:f879:9a01:0
INFO         | Ignore IPv6 address: a8e4:f879:9a01:0:a0d0:f879:9a01:0
INFO         | Ignore IPv6 address: a8e4:f879:9a01:0:a0d0:f879:9a01:0
INFO         | Ignore IPv6 address: 58f4:f879:9a01:0:a0d0:f879:9a01:0
INFO         | Ignore IPv6 address: 58f4:f879:9a01:0:a0d0:f879:9a01:0
INFO         | Ignore IPv6 address: 58f4:f879:9a01:0:a0d0:f879:9a01:0
INFO         | Ignore IPv6 address: 50fa:f879:9a01:0:a0d0:f879:9a01:0
INFO         | Ignore IPv6 address: 50fa:f879:9a01:0:a0d0:f879:9a01:0
INFO         | Ignore IPv6 address: 50fa:f879:9a01:0:a0d0:f879:9a01:0
INFO         | Guest GLES Driver: Auto (ext controls)
INFO         | emuglConfig_init: vulkan_mode_selected:swiftshader gles_mode_selected:swiftshader
INFO         | Checking system compatibility:
INFO         |   Checking: hasCompatibleHypervisor
INFO         |      Ok: Hypervisor compatibility to run avd: `clawbox_test` are met
INFO         |   Checking: hasSufficientSystem
INFO         |      Ok: System requirements to run avd: `clawbox_test` are met
INFO         |   Checking: hasSufficientHwGpu
INFO         |      Ok: Hardware GPU compatibility checks are not required
INFO         |   Checking: hasSufficientDiskSpace
INFO         |      Ok: Disk space requirements to run avd: `clawbox_test` are met
WARNING      | x86_64 emulation may not work without hardware acceleration!
INFO         | Critical: Failed to load opengl32sw (找不到指定的模块。) (:0, )
INFO         | Warning: Software OpenGL failed. Falling back to system OpenGL. (:0, )
INFO         | Storing crashdata in: C:\Users\萧龙\AppData\Local\Temp\\AndroidEmulator\emu-crash-37.1.11.db, detection is enabled for process: 12824
INFO         | Initializing gfxstream backend
INFO         | startOpenglesRendererImpl: gpu info
INFO         | GPU #1
  Make: 10de
  Model: NVIDIA GeForce MX150
  Device ID: 1d12

INFO         | Disabling implicit Vulkan layers to avoid compatibility issues. Set VK_LOADER_LAYERS_DISABLE manually to disable this behavior.
INFO         | initIcdPaths: ICD set to 'swiftshader', using Swiftshader ICD
INFO         | Setting ICD filenames for the loader = C:\Users\萧龙\AppData\Local\Android\Sdk\emulator\lib64\vulkan\vk_swiftshader_icd.json
INFO         | SharedLibrary::open for [C:\Users\萧龙\AppData\Local\Android\Sdk\emulator\qemu\windows-x86_64\lib64\vulkan\vulkan-1.dll]
INFO         | SharedLibrary::open for [C:\Users\萧龙\AppData\Local\Android\Sdk\emulator\lib64\vulkan\vulkan-1.dll]
INFO         | SharedLibrary::open for [vulkan-1.dll]
INFO         | Added library: vulkan-1.dll
INFO         | Selecting Vulkan device: SwiftShader Device (LLVM 10.0.0), Version: 1.2.0
INFO         | Using Vulkan externalMemoryMode: HostAllocation for VkEmulation
INFO         | Initializing VkEmulation features:
INFO         |     glInteropSupported: false
INFO         |     useDeferredCommands: true
INFO         |     createResourceWithRequirements: true
INFO         |     useVulkanComposition: false
INFO         |     useVulkanNativeSwapchain: false
INFO         |     enable guestRenderDoc: false
INFO         |     ASTC LDR emulation mode: Gpu
INFO         |     enable ETC2 emulation: true
INFO         |     enable Ycbcr emulation: false
INFO         |     guestVulkanOnly: false
INFO         |     useDedicatedAllocations: false
INFO         |     guestVulkanMaxApiVersion: 1.3.0
INFO         |     enableProtectedMemoryEmulation: false
INFO         | Graphics Adapter Vendor Google (Google Inc.)
INFO         | Graphics Adapter Android Emulator OpenGL ES Translator (Google SwiftShader)
INFO         | Graphics API Version OpenGL ES 3.0 (OpenGL ES 3.0 SwiftShader 4.0.0.1)
INFO         | Graphics API Extensions GL_OES_EGL_sync GL_OES_EGL_image GL_OES_EGL_image_external GL_OES_depth24 GL_OES_depth32 GL_OES_element_index_uint GL_OES_texture_float GL_OES_texture_float_linear GL_OES_compressed_paletted_texture GL_OES_compressed_ETC1_RGB8_texture GL_OES_depth_texture GL_OES_texture_half_float GL_OES_texture_half_float_linear GL_OES_packed_depth_stencil GL_OES_vertex_half_float GL_OES_standard_derivatives GL_OES_texture_npot GL_OES_rgb8_rgba8 GL_EXT_color_buffer_float GL_EXT_color_buffer_half_float GL_EXT_texture_format_BGRA8888 GL_APPLE_texture_format_BGRA8888 
INFO         | Graphics Device Extensions N/A
INFO         | Disabling sparse binding feature support
INFO         | Could not open C:\Users\萧龙\AppData\Local\Android\Sdk\system-images\android-34\google_apis\x86_64\\VerifiedBootParams.textproto: No such file or directory
INFO         | Sending adb public key [QAAAALuBXb+N5A+oBsAoOZL2xtjzCA4YR0otnx7GAiNmNp7sa3uaP9iHjHwxsLFQKw+FoLpxGL2tjBTFnLyU7mfeJK1/Q+x/DWFQ9Hv1YDhJjCQdm6tG4HkUh68PUpXppsDnwbWp/9OtA8Jigg6gYu9bbdsbnkWkq9YA3wc3JjsbV2XioJ8kUOqg5JllpmBvHXIFyi6zqBVJSjE8XN5gxcMsdJ4R4/HFoB99ELXRKSV3nr2PNFHID8k7+kNjIO0v6a89tisE1UO7VmQHU03RBX5t5O75otA+8z/RIczUG/sSbrPiS5QIb8ej7YqQ7b1WbQ1VOnU/5/GJFqv99XQ9SalqrN2rYqG8UV3oejf5X7FJqw7im++urPa8eaSUZrUs5KwvLadoevOhmOpNtl0EMqkuZBKh0Lq3lcg/6307Jz5PGFyDvm6XWRNEh2u3Rll3FVS2+c/rk1ZvsMW2HQ653tj2gdoyaxV/2kSUa8b5EPp80UoQBByVItEb4Fl1TOeVJ+HLE1jMQqgBZG3XeznGJZtJiD6RFsHjfeNKyqQTWuslNtVV8KH9OWYkRl4w/2uk2KO6wDVHCi/InkSV2yfxOpMba0GEHF41ClbcFpb9fTpUlA+tSvLdbg3btb3gHl3/EMXx9rp8s/xHQauYB8pLa5B+F1PZWYAzy6aSet5D3sfotUYAsHaIYgEAAQA= @unknown]
INFO         | Userspace boot properties:
INFO         |   androidboot.boot_devices=pci0000:00/0000:00:03.0 pci0000:00/0000:00:06.0
INFO         |   androidboot.dalvik.vm.heapsize=576m
INFO         |   androidboot.debug.hwui.renderer=skiagl
INFO         |   androidboot.debug.sf.nobootanimation=1
INFO         |   androidboot.hardware=ranchu
INFO         |   androidboot.hardware.gltransport=pipe
INFO         |   androidboot.hardware.vulkan=ranchu
INFO         |   androidboot.logcat=*:V
INFO         |   androidboot.opengles.version=196608
INFO         |   androidboot.qemu=1
INFO         |   androidboot.qemu.adb.pubkey=QAAAALuBXb+N5A+oBsAoOZL2xtjzCA4YR0otnx7GAiNmNp7sa3uaP9iHjHwxsLFQKw+FoLpxGL2tjBTFnLyU7mfeJK1/Q+x/DWFQ9Hv1YDhJjCQdm6tG4HkUh68PUpXppsDnwbWp/9OtA8Jigg6gYu9bbdsbnkWkq9YA3wc3JjsbV2XioJ8kUOqg5JllpmBvHXIFyi6zqBVJSjE8XN5gxcMsdJ4R4/HFoB99ELXRKSV3nr2PNFHID8k7+kNjIO0v6a89tisE1UO7VmQHU03RBX5t5O75otA+8z/RIczUG/sSbrPiS5QIb8ej7YqQ7b1WbQ1VOnU/5/GJFqv99XQ9SalqrN2rYqG8UV3oejf5X7FJqw7im++urPa8eaSUZrUs5KwvLadoevOhmOpNtl0EMqkuZBKh0Lq3lcg/6307Jz5PGFyDvm6XWRNEh2u3Rll3FVS2+c/rk1ZvsMW2HQ653tj2gdoyaxV/2kSUa8b5EPp80UoQBByVItEb4Fl1TOeVJ+HLE1jMQqgBZG3XeznGJZtJiD6RFsHjfeNKyqQTWuslNtVV8KH9OWYkRl4w/2uk2KO6wDVHCi/InkSV2yfxOpMba0GEHF41ClbcFpb9fTpUlA+tSvLdbg3btb3gHl3/EMXx9rp8s/xHQauYB8pLa5B+F1PZWYAzy6aSet5D3sfotUYAsHaIYgEAAQA= @unknown
INFO         |   androidboot.qemu.avd_name=clawbox_test
INFO         |   androidboot.qemu.camera_hq_edge_processing=0
INFO         |   androidboot.qemu.camera_protocol_ver=1
INFO         |   androidboot.qemu.cpuvulkan.version=4206592
INFO         |   androidboot.qemu.gltransport.drawFlushInterval=800
INFO         |   androidboot.qemu.gltransport.name=pipe
INFO         |   androidboot.qemu.hwcodec.avcdec=2
INFO         |   androidboot.qemu.hwcodec.hevcdec=2
INFO         |   androidboot.qemu.hwcodec.vpxdec=2
INFO         |   androidboot.qemu.settings.system.screen_off_timeout=2147483647
INFO         |   androidboot.qemu.skin=1080x2340
INFO         |   androidboot.qemu.virtiowifi=1
INFO         |   androidboot.qemu.vsync=60
INFO         |   androidboot.serialno=EMULATOR37X1X11X0
INFO         |   androidboot.veritymode=enforcing
