INFO    | Android emulator version 33.1.24.0 (build_id 11237101) (CL:N/A)
INFO    | Found systemPath C:\Users\萧龙\AppData\Local\Android\Sdk\system-images\android-28\google_apis\x86_64\
INFO    | Storing crashdata in: , detection is enabled for process: 21380
INFO    | Duplicate loglines will be removed, if you wish to see each individual line launch with the -log-nofilter flag.
INFO    | IPv4 server found: 
INFO    | Ignore IPv6 address: 8000:3a3e:2802:0:8000:3a3e:2802:0
INFO    | Ignore IPv6 address: 8000:3a3e:2802:0:8000:3a3e:2802:0 (2x)
INFO    | Ignore IPv6 address: 7006:3a3e:2802:0:8000:3a3e:2802:0
INFO    | Ignore IPv6 address: 7006:3a3e:2802:0:8000:3a3e:2802:0 (2x)
INFO    | Ignore IPv6 address: 680c:3a3e:2802:0:8000:3a3e:2802:0
INFO    | Ignore IPv6 address: 680c:3a3e:2802:0:8000:3a3e:2802:0 (2x)
INFO    | Ignore IPv6 address: 8814:3a3e:2802:0:8000:3a3e:2802:0
INFO    | Ignore IPv6 address: 8814:3a3e:2802:0:8000:3a3e:2802:0 (2x)
INFO    | Ignore IPv6 address: 3824:3a3e:2802:0:8000:3a3e:2802:0
INFO    | Ignore IPv6 address: 3824:3a3e:2802:0:8000:3a3e:2802:0 (2x)
INFO    | Ignore IPv6 address: 302a:3a3e:2802:0:8000:3a3e:2802:0
library_mode swiftshader_indirect gpu mode swiftshader_indirect
INFO    | Could not open C:\Users\萧龙\AppData\Local\Android\Sdk\system-images\android-28\google_apis\x86_64\\VerifiedBootParams.textproto: No such file or directory
AEHD is operational
host doesn't support requested feature: CPUID.01H:ECX.xsave [bit 26]
host doesn't support requested feature: CPUID.01H:ECX.avx [bit 28]
host doesn't support requested feature: CPUID.01H:ECX.xsave [bit 26]
host doesn't support requested feature: CPUID.01H:ECX.avx [bit 28]
host doesn't support requested feature: CPUID.01H:ECX.xsave [bit 26]
host doesn't support requested feature: CPUID.01H:ECX.avx [bit 28]
host doesn't support requested feature: CPUID.01H:ECX.xsave [bit 26]
host doesn't support requested feature: CPUID.01H:ECX.avx [bit 28]
